openjdk version "21.0.11" 2026-04-21
OpenJDK Runtime Environment (build 21.0.11+10-1-24.04.2-Ubuntu)
OpenJDK 64-Bit Server VM (build 21.0.11+10-1-24.04.2-Ubuntu, mixed mode)
INFO  Using log config file: jar:file:/home/sony/ghidra_12.1.2_PUBLIC/Ghidra/Framework/Generic/lib/Generic.jar!/generic.log4j.xml (LoggingInitialization)  
INFO  Using log file: /home/sony/.config/ghidra/ghidra_12.1.2_PUBLIC/application.log (LoggingInitialization)  
INFO  Loading user preferences: /home/sony/.config/ghidra/ghidra_12.1.2_PUBLIC/preferences (Preferences)  
INFO  Searching for classes... (ClassSearcher)  
INFO  Class search complete (782 ms) (ClassSearcher)  
INFO  Initializing SSL Context (DefaultSSLContextInitializer)  
INFO  Initializing Random Number Generator... (SecureRandomFactory)  
INFO  Random Number Generator initialization complete: NativePRNGNonBlocking (SecureRandomFactory)  
INFO  Trust manager disabled, cacerts have not been set (DefaultTrustManagerFactory)  
INFO  Headless startup complete (2234 ms) (AnalyzeHeadless)  
INFO  Class searcher loaded 59 extension points (20 false positives) (ClassSearcher)  
INFO  HEADLESS Script Paths:
    /home/sony/ghidra_12.1.2_PUBLIC/Ghidra/Debug/Debugger/ghidra_scripts
    /home/sony/ghidra_12.1.2_PUBLIC/Ghidra/Processors/PIC/ghidra_scripts
    /home/sony/ghidra_12.1.2_PUBLIC/Ghidra/Features/BytePatterns/ghidra_scripts
    /home/sony/ghidra_12.1.2_PUBLIC/Ghidra/Features/PDB/ghidra_scripts
    /home/sony/ghidra_12.1.2_PUBLIC/Ghidra/Features/FunctionID/ghidra_scripts
    /home/sony/ghidra_12.1.2_PUBLIC/Ghidra/Features/Base/ghidra_scripts
    /home/sony/ghidra_12.1.2_PUBLIC/Ghidra/Features/GnuDemangler/ghidra_scripts
    /home/sony/ghidra_12.1.2_PUBLIC/Ghidra/Features/Decompiler/ghidra_scripts
    /home/sony/ghidra_12.1.2_PUBLIC/Ghidra/Features/SwiftDemangler/ghidra_scripts
    /home/sony/ghidra_12.1.2_PUBLIC/Ghidra/Features/PyGhidra/ghidra_scripts
    /home/sony/ghidra_12.1.2_PUBLIC/Ghidra/Processors/8051/ghidra_scripts
    /home/sony/ghidra_12.1.2_PUBLIC/Ghidra/Processors/Atmel/ghidra_scripts
    /home/sony/ghidra_12.1.2_PUBLIC/Ghidra/Processors/JVM/ghidra_scripts
    /home/sony/ghidra_12.1.2_PUBLIC/Ghidra/Features/DecompilerDependent/ghidra_scripts
    /home/sony/ghidra_12.1.2_PUBLIC/Ghidra/Features/SystemEmulation/ghidra_scripts
    /home/sony/ghidra_12.1.2_PUBLIC/Ghidra/Processors/DATA/ghidra_scripts
    /home/sony/ghidra_12.1.2_PUBLIC/Ghidra/Features/BSim/ghidra_scripts
    /home/sony/ghidra_12.1.2_PUBLIC/Ghidra/Features/FileFormats/ghidra_scripts
    /home/sony/ghidra_12.1.2_PUBLIC/Ghidra/Features/VersionTracking/ghidra_scripts
    /home/sony/ghidra_12.1.2_PUBLIC/Ghidra/Debug/Debugger-rmi-trace/ghidra_scripts
    /home/sony/ghidra_12.1.2_PUBLIC/Ghidra/Features/MicrosoftCodeAnalyzer/ghidra_scripts
    /home/sony/ghidra_12.1.2_PUBLIC/Ghidra/Features/WildcardAssembler/ghidra_scripts (HeadlessAnalyzer)  
INFO  HEADLESS: execution starts (HeadlessAnalyzer)  
INFO  Opening existing project: /home/sony/sony/artifacts/ghidra_appmgr/AppMgr (HeadlessAnalyzer)  
INFO  Opening project: /home/sony/sony/artifacts/ghidra_appmgr/AppMgr (HeadlessProject)  
INFO  REPORT: Processing input files:  (HeadlessAnalyzer)  
INFO       project: /home/sony/sony/artifacts/ghidra_appmgr/AppMgr (HeadlessAnalyzer)  
INFO  IMPORTING: file:///home/sony/sony/artifacts/rootfs_mnt/vendor/sony/bin/HgrmMediaPlayerApp (HeadlessAnalyzer)  
INFO  Using Loader: Executable and Linking Format (ELF) (ProgramLoader)  
INFO  Using Language/Compiler: ARM:LE:32:v8:default (ProgramLoader)  
INFO  Using Library Search Path: [., /bin, /lib, /lib64, /lib/x86_64-linux-gnu, /lib/aarch64-linux-gnu, /usr/bin, /usr/lib, /usr/X11R6/bin, /usr/X11R6/lib, /usr/java/packages/lib, /usr/lib/x86_64-linux-gnu/jni, /usr/lib/x86_64-linux-gnu, /usr/lib/jni] (ProgramLoader)  
INFO  Additional info:
Loading file:///home/sony/sony/artifacts/rootfs_mnt/vendor/sony/bin/HgrmMediaPlayerApp?MD5=609961954aed9d7e9fbbd9924be8018c...
Skipping section [.tm_clone_table] with invalid size 0x0
Unhandled ELF Relocation: R_ARM_TLS_DTPMOD32 (17, 0x11) at 008b24bc (Symbol = .tbss)
Unhandled ELF Relocation: R_ARM_TLS_DTPMOD32 (17, 0x11) at 008b24c4 (Symbol = .tbss)
Setting block .init_array to read-only
Setting block .fini_array to read-only
Setting block .jcr to read-only
Setting block .data.rel.ro to read-only
Setting block .dynamic to read-only
------------------------------------------------

Found libeaselcore.so in AppMgr:/...
------------------------------------------------

Found libeaselqt.so in AppMgr:/...
------------------------------------------------

Linking the External Programs of 'HgrmMediaPlayerApp' to imported libraries...
  [libcxxrt.so.1] -> not found in project
  [libeaselcore.so] -> [/libeaselcore.so] (previously imported)
  [libeaselqt.so] -> [/libeaselqt.so] (previously imported)
  [libpstcore.so] -> not found in project
  [libPlayerServiceClient.so] -> not found in project
  [libPlayerServiceClientUtil.so] -> not found in project
  [libMediaStoreServiceClient.so] -> not found in project
  [libVolumeService.so] -> not found in project
  [libAudioInRecorderServiceClient.so] -> not found in project
  [libOneTrackPlayerServiceClient.so] -> not found in project
  [libPowerMgrServiceClient.so] -> not found in project
  [libConnMgrService.so] -> not found in project
  [libPathMgrService.so] -> not found in project
  [libStorageMgrService.so] -> not found in project
  [libConfigurationService.so] -> not found in project
  [libEffectCtrlDmp.so] -> not found in project
  [libNcAsmService.so] -> not found in project
  [libSoundServiceSettingsDmp.so] -> not found in project
  [libFuncMgrService.so] -> not found in project
  [libAudioAnalyzerServiceClient.so] -> not found in project
  [libjson.so] -> not found in project
  [libScreenshotShared.so] -> not found in project
  [libUsbMgrService.so] -> not found in project
  [libDmpConfig.so] -> not found in project
  [libRecFileEditUtil.so] -> not found in project
  [libFuncArchUtils.so] -> not found in project
  [libQt5Quick.so.5] -> not found in project
  [libQt5Qml.so.5] -> not found in project
  [libQt5Widgets.so.5] -> not found in project
  [libQt5Gui.so.5] -> not found in project
  [libQt5Core.so.5] -> not found in project
  [libc++.so.1] -> not found in project
  [libm.so.6] -> not found in project
  [libgcc_s.so.1] -> not found in project
  [libpthread.so.0] -> not found in project
  [libc.so.6] -> not found in project
  [ld-linux-armhf.so.3] -> not found in project
------------------------------------------------

Resolving External Symbols of [/HgrmMediaPlayerApp] - Summary
	15 external symbols resolved, 722 remain unresolved
	[libcxxrt.so.1] -> missing
	[libeaselcore.so] -> /libeaselcore.so, 14 new symbols resolved
	[libeaselqt.so] -> /libeaselqt.so, 1 new symbols resolved
	[libpstcore.so] -> missing
	[libPlayerServiceClient.so] -> missing
	[libPlayerServiceClientUtil.so] -> missing
	[libMediaStoreServiceClient.so] -> missing
	[libVolumeService.so] -> missing
	[libAudioInRecorderServiceClient.so] -> missing
	[libOneTrackPlayerServiceClient.so] -> missing
	[libPowerMgrServiceClient.so] -> missing
	[libConnMgrService.so] -> missing
	[libPathMgrService.so] -> missing
	[libStorageMgrService.so] -> missing
	[libConfigurationService.so] -> missing
	[libEffectCtrlDmp.so] -> missing
	[libNcAsmService.so] -> missing
	[libSoundServiceSettingsDmp.so] -> missing
	[libFuncMgrService.so] -> missing
	[libAudioAnalyzerServiceClient.so] -> missing
	[libjson.so] -> missing
	[libScreenshotShared.so] -> missing
	[libUsbMgrService.so] -> missing
	[libDmpConfig.so] -> missing
	[libRecFileEditUtil.so] -> missing
	[libFuncArchUtils.so] -> missing
	[libQt5Quick.so.5] -> missing
	[libQt5Qml.so.5] -> missing
	[libQt5Widgets.so.5] -> missing
	[libQt5Gui.so.5] -> missing
	[libQt5Core.so.5] -> missing
	[libc++.so.1] -> missing
	[libm.so.6] -> missing
	[libgcc_s.so.1] -> missing
	[libpthread.so.0] -> missing
	[libc.so.6] -> missing
	[ld-linux-armhf.so.3] -> missing
 (ProgramLoader)  
INFO  IMPORTING: Loaded 0 additional files (HeadlessAnalyzer)  
INFO  ANALYZING all memory and code: file:///home/sony/sony/artifacts/rootfs_mnt/vendor/sony/bin/HgrmMediaPlayerApp (HeadlessAnalyzer)  
INFO  DWARF external debug information found: ExternalDebugInfo [filename=null, crc=0, hash=09e2ec7b085569aa6d6c2fbc7c5e0019008fcef5, objectType=DEBUGINFO, extra=null] (ExternalDebugFileSectionProvider)  
INFO  Unable to find DWARF information, skipping DWARF analysis (DWARFAnalyzer)  
WARN  WARNING! Repairing body of function at 00066aa8 (ClearFlowAndRepairCmd)  
WARN  WARNING! Removing function with bad body at 0006792c (ClearFlowAndRepairCmd)  
WARN  WARNING! Repairing body of function at 00067430 (ClearFlowAndRepairCmd)  
WARN  WARNING! Repairing body of function at 0006bf3c (ClearFlowAndRepairCmd)  
WARN  WARNING! Repairing body of function at 0006c400 (ClearFlowAndRepairCmd)  
WARN  WARNING! Repairing body of function at 0006c8c4 (ClearFlowAndRepairCmd)  
WARN  WARNING! Repairing body of function at 00078368 (ClearFlowAndRepairCmd)  
WARN  WARNING! Repairing body of function at 00078cf0 (ClearFlowAndRepairCmd)  
WARN  WARNING! Repairing body of function at 0007c15c (ClearFlowAndRepairCmd)  
WARN  WARNING! Repairing body of function at 0007c620 (ClearFlowAndRepairCmd)  
WARN  WARNING! Repairing body of function at 00081f3c (ClearFlowAndRepairCmd)  
WARN  WARNING! Repairing body of function at 00089b84 (ClearFlowAndRepairCmd)  
WARN  WARNING! Removing function with bad body at 0008cb08 (ClearFlowAndRepairCmd)  
WARN  WARNING! Repairing body of function at 0008c644 (ClearFlowAndRepairCmd)  
WARN  WARNING! Repairing body of function at 0009baec (ClearFlowAndRepairCmd)  
WARN  WARNING! Repairing body of function at 0009c474 (ClearFlowAndRepairCmd)  
WARN  WARNING! Repairing body of function at 000ad56c (ClearFlowAndRepairCmd)  
WARN  WARNING! Repairing body of function at 000bbefc (ClearFlowAndRepairCmd)  
WARN  WARNING! Repairing body of function at 000cc200 (ClearFlowAndRepairCmd)  
WARN  WARNING! Repairing body of function at 00049584 (ClearFlowAndRepairCmd)  
ERROR ... function body repair failed due to overlap with another function: 00049584 (ClearFlowAndRepairCmd)  
WARN  WARNING! Repairing body of function at 00049d44 (ClearFlowAndRepairCmd)  
ERROR ... function body repair failed due to overlap with another function: 00049d44 (ClearFlowAndRepairCmd)  
WARN  WARNING! Repairing body of function at 0004a504 (ClearFlowAndRepairCmd)  
ERROR ... function body repair failed due to overlap with another function: 0004a504 (ClearFlowAndRepairCmd)  
WARN  WARNING! Repairing body of function at 0004acc4 (ClearFlowAndRepairCmd)  
ERROR ... function body repair failed due to overlap with another function: 0004acc4 (ClearFlowAndRepairCmd)  
WARN  WARNING! Repairing body of function at 0004c20c (ClearFlowAndRepairCmd)  
ERROR ... function body repair failed due to overlap with another function: 0004c20c (ClearFlowAndRepairCmd)  
WARN  WARNING! Repairing body of function at 000527dc (ClearFlowAndRepairCmd)  
ERROR ... function body repair failed due to overlap with another function: 000527dc (ClearFlowAndRepairCmd)  
WARN  WARNING! Repairing body of function at 00052f9c (ClearFlowAndRepairCmd)  
ERROR ... function body repair failed due to overlap with another function: 00052f9c (ClearFlowAndRepairCmd)  
WARN  WARNING! Repairing body of function at 00060310 (ClearFlowAndRepairCmd)  
ERROR ... function body repair failed due to overlap with another function: 00060310 (ClearFlowAndRepairCmd)  
WARN  WARNING! Repairing body of function at 00060834 (ClearFlowAndRepairCmd)  
ERROR ... function body repair failed due to overlap with another function: 00060834 (ClearFlowAndRepairCmd)  
WARN  WARNING! Repairing body of function at 00060918 (ClearFlowAndRepairCmd)  
ERROR ... function body repair failed due to overlap with another function: 00060918 (ClearFlowAndRepairCmd)  
WARN  WARNING! Repairing body of function at 00062708 (ClearFlowAndRepairCmd)  
ERROR ... function body repair failed due to overlap with another function: 00062708 (ClearFlowAndRepairCmd)  
WARN  WARNING! Repairing body of function at 0006e3f0 (ClearFlowAndRepairCmd)  
ERROR ... function body repair failed due to overlap with another function: 0006e3f0 (ClearFlowAndRepairCmd)  
WARN  WARNING! Repairing body of function at 000847bc (ClearFlowAndRepairCmd)  
ERROR ... function body repair failed due to overlap with another function: 000847bc (ClearFlowAndRepairCmd)  
WARN  WARNING! Repairing body of function at 000872d4 (ClearFlowAndRepairCmd)  
ERROR ... function body repair failed due to overlap with another function: 000872d4 (ClearFlowAndRepairCmd)  
WARN  WARNING! Repairing body of function at 0008a50c (ClearFlowAndRepairCmd)  
ERROR ... function body repair failed due to overlap with another function: 0008a50c (ClearFlowAndRepairCmd)  
WARN  WARNING! Repairing body of function at 0008ec70 (ClearFlowAndRepairCmd)  
ERROR ... function body repair failed due to overlap with another function: 0008ec70 (ClearFlowAndRepairCmd)  
WARN  WARNING! Repairing body of function at 00097700 (ClearFlowAndRepairCmd)  
ERROR ... function body repair failed due to overlap with another function: 00097700 (ClearFlowAndRepairCmd)  
WARN  WARNING! Repairing body of function at 000ada30 (ClearFlowAndRepairCmd)  
ERROR ... function body repair failed due to overlap with another function: 000ada30 (ClearFlowAndRepairCmd)  
WARN  WARNING! Repairing body of function at 000bb4ec (ClearFlowAndRepairCmd)  
ERROR ... function body repair failed due to overlap with another function: 000bb4ec (ClearFlowAndRepairCmd)  
WARN  WARNING! Repairing body of function at 000bebe8 (ClearFlowAndRepairCmd)  
ERROR ... function body repair failed due to overlap with another function: 000bebe8 (ClearFlowAndRepairCmd)  
WARN  WARNING! Repairing body of function at 000bf86c (ClearFlowAndRepairCmd)  
ERROR ... function body repair failed due to overlap with another function: 000bf86c (ClearFlowAndRepairCmd)  
WARN  WARNING! Repairing body of function at 000c10d4 (ClearFlowAndRepairCmd)  
ERROR ... function body repair failed due to overlap with another function: 000c10d4 (ClearFlowAndRepairCmd)  
WARN  WARNING! Repairing body of function at 000c4ac8 (ClearFlowAndRepairCmd)  
ERROR ... function body repair failed due to overlap with another function: 000c4ac8 (ClearFlowAndRepairCmd)  
WARN  WARNING! Repairing body of function at 000c4b58 (ClearFlowAndRepairCmd)  
ERROR ... function body repair failed due to overlap with another function: 000c4b58 (ClearFlowAndRepairCmd)  
WARN  WARNING! Repairing body of function at 000c7f50 (ClearFlowAndRepairCmd)  
ERROR ... function body repair failed due to overlap with another function: 000c7f50 (ClearFlowAndRepairCmd)  
WARN  WARNING! Repairing body of function at 000ca17c (ClearFlowAndRepairCmd)  
ERROR ... function body repair failed due to overlap with another function: 000ca17c (ClearFlowAndRepairCmd)  
WARN  WARNING! Repairing body of function at 000cc6c4 (ClearFlowAndRepairCmd)  
ERROR ... function body repair failed due to overlap with another function: 000cc6c4 (ClearFlowAndRepairCmd)  
WARN  WARNING! Repairing body of function at 000cce84 (ClearFlowAndRepairCmd)  
ERROR ... function body repair failed due to overlap with another function: 000cce84 (ClearFlowAndRepairCmd)  
WARN  WARNING! Repairing body of function at 000d39b8 (ClearFlowAndRepairCmd)  
ERROR ... function body repair failed due to overlap with another function: 000d39b8 (ClearFlowAndRepairCmd)  
WARN  WARNING! Repairing body of function at 000dc33c (ClearFlowAndRepairCmd)  
ERROR ... function body repair failed due to overlap with another function: 000dc33c (ClearFlowAndRepairCmd)  
WARN  WARNING! Repairing body of function at 000df81c (ClearFlowAndRepairCmd)  
ERROR ... function body repair failed due to overlap with another function: 000df81c (ClearFlowAndRepairCmd)  
WARN  WARNING! Repairing body of function at 000e2c08 (ClearFlowAndRepairCmd)  
ERROR ... function body repair failed due to overlap with another function: 000e2c08 (ClearFlowAndRepairCmd)  
WARN  WARNING! Repairing body of function at 000ea5dc (ClearFlowAndRepairCmd)  
ERROR ... function body repair failed due to overlap with another function: 000ea5dc (ClearFlowAndRepairCmd)  
WARN  WARNING! Repairing body of function at 000eade8 (ClearFlowAndRepairCmd)  
ERROR ... function body repair failed due to overlap with another function: 000eade8 (ClearFlowAndRepairCmd)  
WARN  WARNING! Repairing body of function at 000eeb5c (ClearFlowAndRepairCmd)  
ERROR ... function body repair failed due to overlap with another function: 000eeb5c (ClearFlowAndRepairCmd)  
WARN  WARNING! Repairing body of function at 000eebbc (ClearFlowAndRepairCmd)  
ERROR ... function body repair failed due to overlap with another function: 000eebbc (ClearFlowAndRepairCmd)  
WARN  WARNING! Repairing body of function at 000ef2c8 (ClearFlowAndRepairCmd)  
ERROR ... function body repair failed due to overlap with another function: 000ef2c8 (ClearFlowAndRepairCmd)  
WARN  WARNING! Repairing body of function at 000fbfa4 (ClearFlowAndRepairCmd)  
ERROR ... function body repair failed due to overlap with another function: 000fbfa4 (ClearFlowAndRepairCmd)  
WARN  WARNING! Repairing body of function at 000fec20 (ClearFlowAndRepairCmd)  
ERROR ... function body repair failed due to overlap with another function: 000fec20 (ClearFlowAndRepairCmd)  
WARN  WARNING! Repairing body of function at 001011c8 (ClearFlowAndRepairCmd)  
ERROR ... function body repair failed due to overlap with another function: 001011c8 (ClearFlowAndRepairCmd)  
WARN  WARNING! Repairing body of function at 00115618 (ClearFlowAndRepairCmd)  
ERROR ... function body repair failed due to overlap with another function: 00115618 (ClearFlowAndRepairCmd)  
WARN  WARNING! Repairing body of function at 001188e0 (ClearFlowAndRepairCmd)  
ERROR ... function body repair failed due to overlap with another function: 001188e0 (ClearFlowAndRepairCmd)  
WARN  WARNING! Repairing body of function at 0011bc14 (ClearFlowAndRepairCmd)  
ERROR ... function body repair failed due to overlap with another function: 0011bc14 (ClearFlowAndRepairCmd)  
WARN  WARNING! Repairing body of function at 0011bc80 (ClearFlowAndRepairCmd)  
ERROR ... function body repair failed due to overlap with another function: 0011bc80 (ClearFlowAndRepairCmd)  
WARN  WARNING! Repairing body of function at 0011bcec (ClearFlowAndRepairCmd)  
ERROR ... function body repair failed due to overlap with another function: 0011bcec (ClearFlowAndRepairCmd)  
WARN  WARNING! Repairing body of function at 0011bd58 (ClearFlowAndRepairCmd)  
ERROR ... function body repair failed due to overlap with another function: 0011bd58 (ClearFlowAndRepairCmd)  
WARN  WARNING! Repairing body of function at 0011bdc4 (ClearFlowAndRepairCmd)  
ERROR ... function body repair failed due to overlap with another function: 0011bdc4 (ClearFlowAndRepairCmd)  
WARN  WARNING! Repairing body of function at 0011be30 (ClearFlowAndRepairCmd)  
ERROR ... function body repair failed due to overlap with another function: 0011be30 (ClearFlowAndRepairCmd)  
WARN  WARNING! Repairing body of function at 0011be9c (ClearFlowAndRepairCmd)  
ERROR ... function body repair failed due to overlap with another function: 0011be9c (ClearFlowAndRepairCmd)  
WARN  WARNING! Repairing body of function at 0011bf08 (ClearFlowAndRepairCmd)  
ERROR ... function body repair failed due to overlap with another function: 0011bf08 (ClearFlowAndRepairCmd)  
WARN  WARNING! Repairing body of function at 0011bf74 (ClearFlowAndRepairCmd)  
ERROR ... function body repair failed due to overlap with another function: 0011bf74 (ClearFlowAndRepairCmd)  
WARN  WARNING! Repairing body of function at 0011bfe0 (ClearFlowAndRepairCmd)  
ERROR ... function body repair failed due to overlap with another function: 0011bfe0 (ClearFlowAndRepairCmd)  
WARN  WARNING! Repairing body of function at 0011c04c (ClearFlowAndRepairCmd)  
ERROR ... function body repair failed due to overlap with another function: 0011c04c (ClearFlowAndRepairCmd)  
WARN  WARNING! Repairing body of function at 0011c0b8 (ClearFlowAndRepairCmd)  
ERROR ... function body repair failed due to overlap with another function: 0011c0b8 (ClearFlowAndRepairCmd)  
WARN  WARNING! Repairing body of function at 0011c124 (ClearFlowAndRepairCmd)  
ERROR ... function body repair failed due to overlap with another function: 0011c124 (ClearFlowAndRepairCmd)  
WARN  WARNING! Repairing body of function at 0011c190 (ClearFlowAndRepairCmd)  
ERROR ... function body repair failed due to overlap with another function: 0011c190 (ClearFlowAndRepairCmd)  
WARN  WARNING! Repairing body of function at 0011c1fc (ClearFlowAndRepairCmd)  
ERROR ... function body repair failed due to overlap with another function: 0011c1fc (ClearFlowAndRepairCmd)  
WARN  WARNING! Repairing body of function at 0011c268 (ClearFlowAndRepairCmd)  
ERROR ... function body repair failed due to overlap with another function: 0011c268 (ClearFlowAndRepairCmd)  
WARN  WARNING! Repairing body of function at 0011c2d4 (ClearFlowAndRepairCmd)  
ERROR ... function body repair failed due to overlap with another function: 0011c2d4 (ClearFlowAndRepairCmd)  
WARN  WARNING! Repairing body of function at 0011c340 (ClearFlowAndRepairCmd)  
ERROR ... function body repair failed due to overlap with another function: 0011c340 (ClearFlowAndRepairCmd)  
WARN  WARNING! Repairing body of function at 0011c3ac (ClearFlowAndRepairCmd)  
ERROR ... function body repair failed due to overlap with another function: 0011c3ac (ClearFlowAndRepairCmd)  
WARN  WARNING! Repairing body of function at 0011c418 (ClearFlowAndRepairCmd)  
ERROR ... function body repair failed due to overlap with another function: 0011c418 (ClearFlowAndRepairCmd)  
WARN  WARNING! Repairing body of function at 0011c484 (ClearFlowAndRepairCmd)  
ERROR ... function body repair failed due to overlap with another function: 0011c484 (ClearFlowAndRepairCmd)  
WARN  WARNING! Repairing body of function at 0011c4f0 (ClearFlowAndRepairCmd)  
ERROR ... function body repair failed due to overlap with another function: 0011c4f0 (ClearFlowAndRepairCmd)  
WARN  WARNING! Repairing body of function at 0011c55c (ClearFlowAndRepairCmd)  
ERROR ... function body repair failed due to overlap with another function: 0011c55c (ClearFlowAndRepairCmd)  
WARN  WARNING! Repairing body of function at 0011c5c8 (ClearFlowAndRepairCmd)  
ERROR ... function body repair failed due to overlap with another function: 0011c5c8 (ClearFlowAndRepairCmd)  
WARN  WARNING! Repairing body of function at 0011c634 (ClearFlowAndRepairCmd)  
ERROR ... function body repair failed due to overlap with another function: 0011c634 (ClearFlowAndRepairCmd)  
WARN  WARNING! Repairing body of function at 0011c6a0 (ClearFlowAndRepairCmd)  
ERROR ... function body repair failed due to overlap with another function: 0011c6a0 (ClearFlowAndRepairCmd)  
WARN  WARNING! Repairing body of function at 0011c70c (ClearFlowAndRepairCmd)  
ERROR ... function body repair failed due to overlap with another function: 0011c70c (ClearFlowAndRepairCmd)  
WARN  WARNING! Repairing body of function at 0011c778 (ClearFlowAndRepairCmd)  
ERROR ... function body repair failed due to overlap with another function: 0011c778 (ClearFlowAndRepairCmd)  
WARN  WARNING! Repairing body of function at 0011c7e4 (ClearFlowAndRepairCmd)  
ERROR ... function body repair failed due to overlap with another function: 0011c7e4 (ClearFlowAndRepairCmd)  
WARN  WARNING! Repairing body of function at 0011c850 (ClearFlowAndRepairCmd)  
ERROR ... function body repair failed due to overlap with another function: 0011c850 (ClearFlowAndRepairCmd)  
WARN  WARNING! Repairing body of function at 0011c8bc (ClearFlowAndRepairCmd)  
ERROR ... function body repair failed due to overlap with another function: 0011c8bc (ClearFlowAndRepairCmd)  
WARN  WARNING! Repairing body of function at 0011c928 (ClearFlowAndRepairCmd)  
ERROR ... function body repair failed due to overlap with another function: 0011c928 (ClearFlowAndRepairCmd)  
WARN  WARNING! Repairing body of function at 0011c994 (ClearFlowAndRepairCmd)  
ERROR ... function body repair failed due to overlap with another function: 0011c994 (ClearFlowAndRepairCmd)  
WARN  WARNING! Repairing body of function at 0011ca00 (ClearFlowAndRepairCmd)  
ERROR ... function body repair failed due to overlap with another function: 0011ca00 (ClearFlowAndRepairCmd)  
WARN  WARNING! Repairing body of function at 0011ca6c (ClearFlowAndRepairCmd)  
ERROR ... function body repair failed due to overlap with another function: 0011ca6c (ClearFlowAndRepairCmd)  
WARN  WARNING! Repairing body of function at 0011cad8 (ClearFlowAndRepairCmd)  
ERROR ... function body repair failed due to overlap with another function: 0011cad8 (ClearFlowAndRepairCmd)  
WARN  WARNING! Repairing body of function at 0011cb44 (ClearFlowAndRepairCmd)  
ERROR ... function body repair failed due to overlap with another function: 0011cb44 (ClearFlowAndRepairCmd)  
WARN  WARNING! Repairing body of function at 0011cbb0 (ClearFlowAndRepairCmd)  
ERROR ... function body repair failed due to overlap with another function: 0011cbb0 (ClearFlowAndRepairCmd)  
WARN  WARNING! Repairing body of function at 00121d20 (ClearFlowAndRepairCmd)  
ERROR ... function body repair failed due to overlap with another function: 00121d20 (ClearFlowAndRepairCmd)  
WARN  WARNING! Repairing body of function at 0012e7a0 (ClearFlowAndRepairCmd)  
ERROR ... function body repair failed due to overlap with another function: 0012e7a0 (ClearFlowAndRepairCmd)  
WARN  WARNING! Repairing body of function at 00137c28 (ClearFlowAndRepairCmd)  
ERROR ... function body repair failed due to overlap with another function: 00137c28 (ClearFlowAndRepairCmd)  
WARN  WARNING! Repairing body of function at 000ddb18 (ClearFlowAndRepairCmd)  
WARN  WARNING! Repairing body of function at 000e10a0 (ClearFlowAndRepairCmd)  
WARN  WARNING! Repairing body of function at 000f5430 (ClearFlowAndRepairCmd)  
WARN  WARNING! Repairing body of function at 00104d78 (ClearFlowAndRepairCmd)  
WARN  WARNING! Repairing body of function at 0010c388 (ClearFlowAndRepairCmd)  
WARN  WARNING! Repairing body of function at 00111ed0 (ClearFlowAndRepairCmd)  
WARN  WARNING! Repairing body of function at 00121398 (ClearFlowAndRepairCmd)  
WARN  WARNING! Repairing body of function at 0012185c (ClearFlowAndRepairCmd)  
WARN  WARNING! Repairing body of function at 001281a0 (ClearFlowAndRepairCmd)  
WARN  WARNING! Repairing body of function at 00128664 (ClearFlowAndRepairCmd)  
WARN  WARNING! Repairing body of function at 00128b28 (ClearFlowAndRepairCmd)  
WARN  WARNING! Repairing body of function at 0012bf94 (ClearFlowAndRepairCmd)  
WARN  WARNING! Repairing body of function at 0012c458 (ClearFlowAndRepairCmd)  
WARN  WARNING! Repairing body of function at 0012c940 (ClearFlowAndRepairCmd)  
WARN  WARNING! Repairing body of function at 0012dda8 (ClearFlowAndRepairCmd)  
WARN  WARNING! Repairing body of function at 00139c28 (ClearFlowAndRepairCmd)  
WARN  WARNING! Repairing body of function at 0013f354 (ClearFlowAndRepairCmd)  
WARN  WARNING! Repairing body of function at 0013f4e4 (ClearFlowAndRepairCmd)  
ERROR ... function body repair failed due to overlap with another function: 0013f4e4 (ClearFlowAndRepairCmd)  
WARN  WARNING! Repairing body of function at 0013f56c (ClearFlowAndRepairCmd)  
ERROR ... function body repair failed due to overlap with another function: 0013f56c (ClearFlowAndRepairCmd)  
WARN  WARNING! Repairing body of function at 00182d30 (ClearFlowAndRepairCmd)  
ERROR ... function body repair failed due to overlap with another function: 00182d30 (ClearFlowAndRepairCmd)  
WARN  WARNING! Repairing body of function at 0018eaf0 (ClearFlowAndRepairCmd)  
ERROR ... function body repair failed due to overlap with another function: 0018eaf0 (ClearFlowAndRepairCmd)  
WARN  WARNING! Repairing body of function at 0019a674 (ClearFlowAndRepairCmd)  
ERROR ... function body repair failed due to overlap with another function: 0019a674 (ClearFlowAndRepairCmd)  
WARN  WARNING! Repairing body of function at 001ba128 (ClearFlowAndRepairCmd)  
ERROR ... function body repair failed due to overlap with another function: 001ba128 (ClearFlowAndRepairCmd)  
WARN  WARNING! Repairing body of function at 001ba20c (ClearFlowAndRepairCmd)  
ERROR ... function body repair failed due to overlap with another function: 001ba20c (ClearFlowAndRepairCmd)  
WARN  WARNING! Repairing body of function at 001ba30c (ClearFlowAndRepairCmd)  
ERROR ... function body repair failed due to overlap with another function: 001ba30c (ClearFlowAndRepairCmd)  
WARN  WARNING! Repairing body of function at 001f5008 (ClearFlowAndRepairCmd)  
ERROR ... function body repair failed due to overlap with another function: 001f5008 (ClearFlowAndRepairCmd)  
WARN  WARNING! Repairing body of function at 003b6584 (ClearFlowAndRepairCmd)  
ERROR ... function body repair failed due to overlap with another function: 003b6584 (ClearFlowAndRepairCmd)  
WARN  WARNING! Repairing body of function at 003b67c8 (ClearFlowAndRepairCmd)  
ERROR ... function body repair failed due to overlap with another function: 003b67c8 (ClearFlowAndRepairCmd)  
WARN  WARNING! Repairing body of function at 00049584 (ClearFlowAndRepairCmd)  
ERROR ... function body repair failed due to overlap with another function: 00049584 (ClearFlowAndRepairCmd)  
WARN  WARNING! Repairing body of function at 00049d44 (ClearFlowAndRepairCmd)  
ERROR ... function body repair failed due to overlap with another function: 00049d44 (ClearFlowAndRepairCmd)  
WARN  WARNING! Repairing body of function at 0004a504 (ClearFlowAndRepairCmd)  
ERROR ... function body repair failed due to overlap with another function: 0004a504 (ClearFlowAndRepairCmd)  
WARN  WARNING! Repairing body of function at 0004acc4 (ClearFlowAndRepairCmd)  
ERROR ... function body repair failed due to overlap with another function: 0004acc4 (ClearFlowAndRepairCmd)  
WARN  WARNING! Repairing body of function at 0004c20c (ClearFlowAndRepairCmd)  
ERROR ... function body repair failed due to overlap with another function: 0004c20c (ClearFlowAndRepairCmd)  
WARN  WARNING! Repairing body of function at 000527dc (ClearFlowAndRepairCmd)  
ERROR ... function body repair failed due to overlap with another function: 000527dc (ClearFlowAndRepairCmd)  
WARN  WARNING! Repairing body of function at 00052f9c (ClearFlowAndRepairCmd)  
ERROR ... function body repair failed due to overlap with another function: 00052f9c (ClearFlowAndRepairCmd)  
WARN  WARNING! Repairing body of function at 00060310 (ClearFlowAndRepairCmd)  
ERROR ... function body repair failed due to overlap with another function: 00060310 (ClearFlowAndRepairCmd)  
WARN  WARNING! Repairing body of function at 00060834 (ClearFlowAndRepairCmd)  
ERROR ... function body repair failed due to overlap with another function: 00060834 (ClearFlowAndRepairCmd)  
WARN  WARNING! Repairing body of function at 00060918 (ClearFlowAndRepairCmd)  
ERROR ... function body repair failed due to overlap with another function: 00060918 (ClearFlowAndRepairCmd)  
WARN  WARNING! Repairing body of function at 00062708 (ClearFlowAndRepairCmd)  
ERROR ... function body repair failed due to overlap with another function: 00062708 (ClearFlowAndRepairCmd)  
WARN  WARNING! Repairing body of function at 0006e3f0 (ClearFlowAndRepairCmd)  
ERROR ... function body repair failed due to overlap with another function: 0006e3f0 (ClearFlowAndRepairCmd)  
WARN  WARNING! Repairing body of function at 000847bc (ClearFlowAndRepairCmd)  
ERROR ... function body repair failed due to overlap with another function: 000847bc (ClearFlowAndRepairCmd)  
WARN  WARNING! Repairing body of function at 000872d4 (ClearFlowAndRepairCmd)  
ERROR ... function body repair failed due to overlap with another function: 000872d4 (ClearFlowAndRepairCmd)  
WARN  WARNING! Repairing body of function at 0008a50c (ClearFlowAndRepairCmd)  
ERROR ... function body repair failed due to overlap with another function: 0008a50c (ClearFlowAndRepairCmd)  
WARN  WARNING! Repairing body of function at 0008ec70 (ClearFlowAndRepairCmd)  
ERROR ... function body repair failed due to overlap with another function: 0008ec70 (ClearFlowAndRepairCmd)  
WARN  WARNING! Repairing body of function at 00097700 (ClearFlowAndRepairCmd)  
ERROR ... function body repair failed due to overlap with another function: 00097700 (ClearFlowAndRepairCmd)  
WARN  WARNING! Repairing body of function at 000ada30 (ClearFlowAndRepairCmd)  
ERROR ... function body repair failed due to overlap with another function: 000ada30 (ClearFlowAndRepairCmd)  
WARN  WARNING! Repairing body of function at 000bb4ec (ClearFlowAndRepairCmd)  
ERROR ... function body repair failed due to overlap with another function: 000bb4ec (ClearFlowAndRepairCmd)  
WARN  WARNING! Repairing body of function at 000bebe8 (ClearFlowAndRepairCmd)  
ERROR ... function body repair failed due to overlap with another function: 000bebe8 (ClearFlowAndRepairCmd)  
WARN  WARNING! Repairing body of function at 000bf86c (ClearFlowAndRepairCmd)  
ERROR ... function body repair failed due to overlap with another function: 000bf86c (ClearFlowAndRepairCmd)  
WARN  WARNING! Repairing body of function at 000c10d4 (ClearFlowAndRepairCmd)  
ERROR ... function body repair failed due to overlap with another function: 000c10d4 (ClearFlowAndRepairCmd)  
WARN  WARNING! Repairing body of function at 000c4ac8 (ClearFlowAndRepairCmd)  
ERROR ... function body repair failed due to overlap with another function: 000c4ac8 (ClearFlowAndRepairCmd)  
WARN  WARNING! Repairing body of function at 000c4b58 (ClearFlowAndRepairCmd)  
ERROR ... function body repair failed due to overlap with another function: 000c4b58 (ClearFlowAndRepairCmd)  
WARN  WARNING! Repairing body of function at 000c7f50 (ClearFlowAndRepairCmd)  
ERROR ... function body repair failed due to overlap with another function: 000c7f50 (ClearFlowAndRepairCmd)  
WARN  WARNING! Repairing body of function at 000ca17c (ClearFlowAndRepairCmd)  
ERROR ... function body repair failed due to overlap with another function: 000ca17c (ClearFlowAndRepairCmd)  
WARN  WARNING! Repairing body of function at 000cc6c4 (ClearFlowAndRepairCmd)  
ERROR ... function body repair failed due to overlap with another function: 000cc6c4 (ClearFlowAndRepairCmd)  
WARN  WARNING! Repairing body of function at 000cce84 (ClearFlowAndRepairCmd)  
ERROR ... function body repair failed due to overlap with another function: 000cce84 (ClearFlowAndRepairCmd)  
WARN  WARNING! Repairing body of function at 000d39b8 (ClearFlowAndRepairCmd)  
ERROR ... function body repair failed due to overlap with another function: 000d39b8 (ClearFlowAndRepairCmd)  
WARN  WARNING! Repairing body of function at 000dc33c (ClearFlowAndRepairCmd)  
ERROR ... function body repair failed due to overlap with another function: 000dc33c (ClearFlowAndRepairCmd)  
WARN  WARNING! Repairing body of function at 000df81c (ClearFlowAndRepairCmd)  
ERROR ... function body repair failed due to overlap with another function: 000df81c (ClearFlowAndRepairCmd)  
WARN  WARNING! Repairing body of function at 000e2c08 (ClearFlowAndRepairCmd)  
ERROR ... function body repair failed due to overlap with another function: 000e2c08 (ClearFlowAndRepairCmd)  
WARN  WARNING! Repairing body of function at 000ea5dc (ClearFlowAndRepairCmd)  
ERROR ... function body repair failed due to overlap with another function: 000ea5dc (ClearFlowAndRepairCmd)  
WARN  WARNING! Repairing body of function at 000eade8 (ClearFlowAndRepairCmd)  
ERROR ... function body repair failed due to overlap with another function: 000eade8 (ClearFlowAndRepairCmd)  
WARN  WARNING! Repairing body of function at 000eeb5c (ClearFlowAndRepairCmd)  
ERROR ... function body repair failed due to overlap with another function: 000eeb5c (ClearFlowAndRepairCmd)  
WARN  WARNING! Repairing body of function at 000eebbc (ClearFlowAndRepairCmd)  
ERROR ... function body repair failed due to overlap with another function: 000eebbc (ClearFlowAndRepairCmd)  
WARN  WARNING! Repairing body of function at 000ef2c8 (ClearFlowAndRepairCmd)  
ERROR ... function body repair failed due to overlap with another function: 000ef2c8 (ClearFlowAndRepairCmd)  
WARN  WARNING! Repairing body of function at 000fbfa4 (ClearFlowAndRepairCmd)  
ERROR ... function body repair failed due to overlap with another function: 000fbfa4 (ClearFlowAndRepairCmd)  
WARN  WARNING! Repairing body of function at 000fec20 (ClearFlowAndRepairCmd)  
ERROR ... function body repair failed due to overlap with another function: 000fec20 (ClearFlowAndRepairCmd)  
WARN  WARNING! Repairing body of function at 001011c8 (ClearFlowAndRepairCmd)  
ERROR ... function body repair failed due to overlap with another function: 001011c8 (ClearFlowAndRepairCmd)  
WARN  WARNING! Repairing body of function at 00115618 (ClearFlowAndRepairCmd)  
ERROR ... function body repair failed due to overlap with another function: 00115618 (ClearFlowAndRepairCmd)  
WARN  WARNING! Repairing body of function at 001188e0 (ClearFlowAndRepairCmd)  
ERROR ... function body repair failed due to overlap with another function: 001188e0 (ClearFlowAndRepairCmd)  
WARN  WARNING! Repairing body of function at 0011bc14 (ClearFlowAndRepairCmd)  
ERROR ... function body repair failed due to overlap with another function: 0011bc14 (ClearFlowAndRepairCmd)  
WARN  WARNING! Repairing body of function at 0011bc80 (ClearFlowAndRepairCmd)  
ERROR ... function body repair failed due to overlap with another function: 0011bc80 (ClearFlowAndRepairCmd)  
WARN  WARNING! Repairing body of function at 0011bcec (ClearFlowAndRepairCmd)  
ERROR ... function body repair failed due to overlap with another function: 0011bcec (ClearFlowAndRepairCmd)  
WARN  WARNING! Repairing body of function at 0011bd58 (ClearFlowAndRepairCmd)  
ERROR ... function body repair failed due to overlap with another function: 0011bd58 (ClearFlowAndRepairCmd)  
WARN  WARNING! Repairing body of function at 0011bdc4 (ClearFlowAndRepairCmd)  
ERROR ... function body repair failed due to overlap with another function: 0011bdc4 (ClearFlowAndRepairCmd)  
WARN  WARNING! Repairing body of function at 0011be30 (ClearFlowAndRepairCmd)  
ERROR ... function body repair failed due to overlap with another function: 0011be30 (ClearFlowAndRepairCmd)  
WARN  WARNING! Repairing body of function at 0011be9c (ClearFlowAndRepairCmd)  
ERROR ... function body repair failed due to overlap with another function: 0011be9c (ClearFlowAndRepairCmd)  
WARN  WARNING! Repairing body of function at 0011bf08 (ClearFlowAndRepairCmd)  
ERROR ... function body repair failed due to overlap with another function: 0011bf08 (ClearFlowAndRepairCmd)  
WARN  WARNING! Repairing body of function at 0011bf74 (ClearFlowAndRepairCmd)  
ERROR ... function body repair failed due to overlap with another function: 0011bf74 (ClearFlowAndRepairCmd)  
WARN  WARNING! Repairing body of function at 0011bfe0 (ClearFlowAndRepairCmd)  
ERROR ... function body repair failed due to overlap with another function: 0011bfe0 (ClearFlowAndRepairCmd)  
WARN  WARNING! Repairing body of function at 0011c04c (ClearFlowAndRepairCmd)  
ERROR ... function body repair failed due to overlap with another function: 0011c04c (ClearFlowAndRepairCmd)  
WARN  WARNING! Repairing body of function at 0011c0b8 (ClearFlowAndRepairCmd)  
ERROR ... function body repair failed due to overlap with another function: 0011c0b8 (ClearFlowAndRepairCmd)  
WARN  WARNING! Repairing body of function at 0011c124 (ClearFlowAndRepairCmd)  
ERROR ... function body repair failed due to overlap with another function: 0011c124 (ClearFlowAndRepairCmd)  
WARN  WARNING! Repairing body of function at 0011c190 (ClearFlowAndRepairCmd)  
ERROR ... function body repair failed due to overlap with another function: 0011c190 (ClearFlowAndRepairCmd)  
WARN  WARNING! Repairing body of function at 0011c1fc (ClearFlowAndRepairCmd)  
ERROR ... function body repair failed due to overlap with another function: 0011c1fc (ClearFlowAndRepairCmd)  
WARN  WARNING! Repairing body of function at 0011c268 (ClearFlowAndRepairCmd)  
ERROR ... function body repair failed due to overlap with another function: 0011c268 (ClearFlowAndRepairCmd)  
WARN  WARNING! Repairing body of function at 0011c2d4 (ClearFlowAndRepairCmd)  
ERROR ... function body repair failed due to overlap with another function: 0011c2d4 (ClearFlowAndRepairCmd)  
WARN  WARNING! Repairing body of function at 0011c340 (ClearFlowAndRepairCmd)  
ERROR ... function body repair failed due to overlap with another function: 0011c340 (ClearFlowAndRepairCmd)  
WARN  WARNING! Repairing body of function at 0011c3ac (ClearFlowAndRepairCmd)  
ERROR ... function body repair failed due to overlap with another function: 0011c3ac (ClearFlowAndRepairCmd)  
WARN  WARNING! Repairing body of function at 0011c418 (ClearFlowAndRepairCmd)  
ERROR ... function body repair failed due to overlap with another function: 0011c418 (ClearFlowAndRepairCmd)  
WARN  WARNING! Repairing body of function at 0011c484 (ClearFlowAndRepairCmd)  
ERROR ... function body repair failed due to overlap with another function: 0011c484 (ClearFlowAndRepairCmd)  
WARN  WARNING! Repairing body of function at 0011c4f0 (ClearFlowAndRepairCmd)  
ERROR ... function body repair failed due to overlap with another function: 0011c4f0 (ClearFlowAndRepairCmd)  
WARN  WARNING! Repairing body of function at 0011c55c (ClearFlowAndRepairCmd)  
ERROR ... function body repair failed due to overlap with another function: 0011c55c (ClearFlowAndRepairCmd)  
WARN  WARNING! Repairing body of function at 0011c5c8 (ClearFlowAndRepairCmd)  
ERROR ... function body repair failed due to overlap with another function: 0011c5c8 (ClearFlowAndRepairCmd)  
WARN  WARNING! Repairing body of function at 0011c634 (ClearFlowAndRepairCmd)  
ERROR ... function body repair failed due to overlap with another function: 0011c634 (ClearFlowAndRepairCmd)  
WARN  WARNING! Repairing body of function at 0011c6a0 (ClearFlowAndRepairCmd)  
ERROR ... function body repair failed due to overlap with another function: 0011c6a0 (ClearFlowAndRepairCmd)  
WARN  WARNING! Repairing body of function at 0011c70c (ClearFlowAndRepairCmd)  
ERROR ... function body repair failed due to overlap with another function: 0011c70c (ClearFlowAndRepairCmd)  
WARN  WARNING! Repairing body of function at 0011c778 (ClearFlowAndRepairCmd)  
ERROR ... function body repair failed due to overlap with another function: 0011c778 (ClearFlowAndRepairCmd)  
WARN  WARNING! Repairing body of function at 0011c7e4 (ClearFlowAndRepairCmd)  
ERROR ... function body repair failed due to overlap with another function: 0011c7e4 (ClearFlowAndRepairCmd)  
WARN  WARNING! Repairing body of function at 0011c850 (ClearFlowAndRepairCmd)  
ERROR ... function body repair failed due to overlap with another function: 0011c850 (ClearFlowAndRepairCmd)  
WARN  WARNING! Repairing body of function at 0011c8bc (ClearFlowAndRepairCmd)  
ERROR ... function body repair failed due to overlap with another function: 0011c8bc (ClearFlowAndRepairCmd)  
WARN  WARNING! Repairing body of function at 0011c928 (ClearFlowAndRepairCmd)  
ERROR ... function body repair failed due to overlap with another function: 0011c928 (ClearFlowAndRepairCmd)  
WARN  WARNING! Repairing body of function at 0011c994 (ClearFlowAndRepairCmd)  
ERROR ... function body repair failed due to overlap with another function: 0011c994 (ClearFlowAndRepairCmd)  
WARN  WARNING! Repairing body of function at 0011ca00 (ClearFlowAndRepairCmd)  
ERROR ... function body repair failed due to overlap with another function: 0011ca00 (ClearFlowAndRepairCmd)  
WARN  WARNING! Repairing body of function at 0011ca6c (ClearFlowAndRepairCmd)  
ERROR ... function body repair failed due to overlap with another function: 0011ca6c (ClearFlowAndRepairCmd)  
WARN  WARNING! Repairing body of function at 0011cad8 (ClearFlowAndRepairCmd)  
ERROR ... function body repair failed due to overlap with another function: 0011cad8 (ClearFlowAndRepairCmd)  
WARN  WARNING! Repairing body of function at 0011cb44 (ClearFlowAndRepairCmd)  
ERROR ... function body repair failed due to overlap with another function: 0011cb44 (ClearFlowAndRepairCmd)  
WARN  WARNING! Repairing body of function at 0011cbb0 (ClearFlowAndRepairCmd)  
ERROR ... function body repair failed due to overlap with another function: 0011cbb0 (ClearFlowAndRepairCmd)  
WARN  WARNING! Repairing body of function at 00121d20 (ClearFlowAndRepairCmd)  
ERROR ... function body repair failed due to overlap with another function: 00121d20 (ClearFlowAndRepairCmd)  
WARN  WARNING! Repairing body of function at 0012e7a0 (ClearFlowAndRepairCmd)  
ERROR ... function body repair failed due to overlap with another function: 0012e7a0 (ClearFlowAndRepairCmd)  
WARN  WARNING! Repairing body of function at 00137c28 (ClearFlowAndRepairCmd)  
ERROR ... function body repair failed due to overlap with another function: 00137c28 (ClearFlowAndRepairCmd)  
WARN  WARNING! Repairing body of function at 0013f354 (ClearFlowAndRepairCmd)  
ERROR ... function body repair failed due to overlap with another function: 0013f354 (ClearFlowAndRepairCmd)  
WARN  WARNING! Repairing body of function at 0013f4e4 (ClearFlowAndRepairCmd)  
ERROR ... function body repair failed due to overlap with another function: 0013f4e4 (ClearFlowAndRepairCmd)  
WARN  WARNING! Repairing body of function at 0013f56c (ClearFlowAndRepairCmd)  
ERROR ... function body repair failed due to overlap with another function: 0013f56c (ClearFlowAndRepairCmd)  
WARN  WARNING! Repairing body of function at 001410c4 (ClearFlowAndRepairCmd)  
ERROR ... function body repair failed due to overlap with another function: 001410c4 (ClearFlowAndRepairCmd)  
WARN  WARNING! Repairing body of function at 00141028 (ClearFlowAndRepairCmd)  
ERROR ... function body repair failed due to overlap with another function: 00141028 (ClearFlowAndRepairCmd)  
WARN  WARNING! Repairing body of function at 00142608 (ClearFlowAndRepairCmd)  
ERROR ... function body repair failed due to overlap with another function: 00142608 (ClearFlowAndRepairCmd)  
WARN  WARNING! Repairing body of function at 00142984 (ClearFlowAndRepairCmd)  
ERROR ... function body repair failed due to overlap with another function: 00142984 (ClearFlowAndRepairCmd)  
WARN  WARNING! Repairing body of function at 00144650 (ClearFlowAndRepairCmd)  
ERROR ... function body repair failed due to overlap with another function: 00144650 (ClearFlowAndRepairCmd)  
WARN  WARNING! Repairing body of function at 00144994 (ClearFlowAndRepairCmd)  
ERROR ... function body repair failed due to overlap with another function: 00144994 (ClearFlowAndRepairCmd)  
WARN  WARNING! Repairing body of function at 00144d70 (ClearFlowAndRepairCmd)  
ERROR ... function body repair failed due to overlap with another function: 00144d70 (ClearFlowAndRepairCmd)  
WARN  WARNING! Repairing body of function at 001456d0 (ClearFlowAndRepairCmd)  
ERROR ... function body repair failed due to overlap with another function: 001456d0 (ClearFlowAndRepairCmd)  
WARN  WARNING! Repairing body of function at 00156690 (ClearFlowAndRepairCmd)  
ERROR ... function body repair failed due to overlap with another function: 00156690 (ClearFlowAndRepairCmd)  
WARN  WARNING! Repairing body of function at 00156b60 (ClearFlowAndRepairCmd)  
ERROR ... function body repair failed due to overlap with another function: 00156b60 (ClearFlowAndRepairCmd)  
WARN  WARNING! Repairing body of function at 00156d44 (ClearFlowAndRepairCmd)  
ERROR ... function body repair failed due to overlap with another function: 00156d44 (ClearFlowAndRepairCmd)  
WARN  WARNING! Repairing body of function at 00157658 (ClearFlowAndRepairCmd)  
ERROR ... function body repair failed due to overlap with another function: 00157658 (ClearFlowAndRepairCmd)  
WARN  WARNING! Repairing body of function at 001576fc (ClearFlowAndRepairCmd)  
ERROR ... function body repair failed due to overlap with another function: 001576fc (ClearFlowAndRepairCmd)  
WARN  WARNING! Repairing body of function at 00159ad4 (ClearFlowAndRepairCmd)  
ERROR ... function body repair failed due to overlap with another function: 00159ad4 (ClearFlowAndRepairCmd)  
WARN  WARNING! Repairing body of function at 0015e87c (ClearFlowAndRepairCmd)  
ERROR ... function body repair failed due to overlap with another function: 0015e87c (ClearFlowAndRepairCmd)  
WARN  WARNING! Repairing body of function at 00182d30 (ClearFlowAndRepairCmd)  
ERROR ... function body repair failed due to overlap with another function: 00182d30 (ClearFlowAndRepairCmd)  
WARN  WARNING! Repairing body of function at 00184144 (ClearFlowAndRepairCmd)  
ERROR ... function body repair failed due to overlap with another function: 00184144 (ClearFlowAndRepairCmd)  
WARN  WARNING! Repairing body of function at 00184310 (ClearFlowAndRepairCmd)  
ERROR ... function body repair failed due to overlap with another function: 00184310 (ClearFlowAndRepairCmd)  
WARN  WARNING! Repairing body of function at 0018646c (ClearFlowAndRepairCmd)  
ERROR ... function body repair failed due to overlap with another function: 0018646c (ClearFlowAndRepairCmd)  
WARN  WARNING! Repairing body of function at 001865d4 (ClearFlowAndRepairCmd)  
ERROR ... function body repair failed due to overlap with another function: 001865d4 (ClearFlowAndRepairCmd)  
WARN  WARNING! Repairing body of function at 00186b9c (ClearFlowAndRepairCmd)  
ERROR ... function body repair failed due to overlap with another function: 00186b9c (ClearFlowAndRepairCmd)  
WARN  WARNING! Repairing body of function at 0018eaf0 (ClearFlowAndRepairCmd)  
ERROR ... function body repair failed due to overlap with another function: 0018eaf0 (ClearFlowAndRepairCmd)  
WARN  WARNING! Repairing body of function at 0018ec24 (ClearFlowAndRepairCmd)  
ERROR ... function body repair failed due to overlap with another function: 0018ec24 (ClearFlowAndRepairCmd)  
WARN  WARNING! Repairing body of function at 0019a674 (ClearFlowAndRepairCmd)  
ERROR ... function body repair failed due to overlap with another function: 0019a674 (ClearFlowAndRepairCmd)  
WARN  WARNING! Repairing body of function at 0019a7a8 (ClearFlowAndRepairCmd)  
ERROR ... function body repair failed due to overlap with another function: 0019a7a8 (ClearFlowAndRepairCmd)  
WARN  WARNING! Repairing body of function at 0019c6a4 (ClearFlowAndRepairCmd)  
ERROR ... function body repair failed due to overlap with another function: 0019c6a4 (ClearFlowAndRepairCmd)  
WARN  WARNING! Repairing body of function at 001b2988 (ClearFlowAndRepairCmd)  
ERROR ... function body repair failed due to overlap with another function: 001b2988 (ClearFlowAndRepairCmd)  
WARN  WARNING! Repairing body of function at 001ba128 (ClearFlowAndRepairCmd)  
ERROR ... function body repair failed due to overlap with another function: 001ba128 (ClearFlowAndRepairCmd)  
WARN  WARNING! Repairing body of function at 001ba20c (ClearFlowAndRepairCmd)  
ERROR ... function body repair failed due to overlap with another function: 001ba20c (ClearFlowAndRepairCmd)  
WARN  WARNING! Repairing body of function at 001ba30c (ClearFlowAndRepairCmd)  
ERROR ... function body repair failed due to overlap with another function: 001ba30c (ClearFlowAndRepairCmd)  
WARN  WARNING! Repairing body of function at 001c16f8 (ClearFlowAndRepairCmd)  
ERROR ... function body repair failed due to overlap with another function: 001c16f8 (ClearFlowAndRepairCmd)  
WARN  WARNING! Repairing body of function at 001cdc84 (ClearFlowAndRepairCmd)  
ERROR ... function body repair failed due to overlap with another function: 001cdc84 (ClearFlowAndRepairCmd)  
WARN  WARNING! Repairing body of function at 001da698 (ClearFlowAndRepairCmd)  
ERROR ... function body repair failed due to overlap with another function: 001da698 (ClearFlowAndRepairCmd)  
WARN  WARNING! Repairing body of function at 001df004 (ClearFlowAndRepairCmd)  
ERROR ... function body repair failed due to overlap with another function: 001df004 (ClearFlowAndRepairCmd)  
WARN  WARNING! Repairing body of function at 001e15c0 (ClearFlowAndRepairCmd)  
ERROR ... function body repair failed due to overlap with another function: 001e15c0 (ClearFlowAndRepairCmd)  
WARN  WARNING! Repairing body of function at 001f5008 (ClearFlowAndRepairCmd)  
ERROR ... function body repair failed due to overlap with another function: 001f5008 (ClearFlowAndRepairCmd)  
WARN  WARNING! Repairing body of function at 00211b84 (ClearFlowAndRepairCmd)  
ERROR ... function body repair failed due to overlap with another function: 00211b84 (ClearFlowAndRepairCmd)  
WARN  WARNING! Repairing body of function at 0021d9c8 (ClearFlowAndRepairCmd)  
ERROR ... function body repair failed due to overlap with another function: 0021d9c8 (ClearFlowAndRepairCmd)  
WARN  WARNING! Repairing body of function at 002418ac (ClearFlowAndRepairCmd)  
ERROR ... function body repair failed due to overlap with another function: 002418ac (ClearFlowAndRepairCmd)  
WARN  WARNING! Repairing body of function at 0024244c (ClearFlowAndRepairCmd)  
ERROR ... function body repair failed due to overlap with another function: 0024244c (ClearFlowAndRepairCmd)  
WARN  WARNING! Repairing body of function at 00252580 (ClearFlowAndRepairCmd)  
ERROR ... function body repair failed due to overlap with another function: 00252580 (ClearFlowAndRepairCmd)  
WARN  WARNING! Repairing body of function at 002526a0 (ClearFlowAndRepairCmd)  
ERROR ... function body repair failed due to overlap with another function: 002526a0 (ClearFlowAndRepairCmd)  
WARN  WARNING! Repairing body of function at 002528e0 (ClearFlowAndRepairCmd)  
ERROR ... function body repair failed due to overlap with another function: 002528e0 (ClearFlowAndRepairCmd)  
WARN  WARNING! Repairing body of function at 00252a5c (ClearFlowAndRepairCmd)  
ERROR ... function body repair failed due to overlap with another function: 00252a5c (ClearFlowAndRepairCmd)  
WARN  WARNING! Repairing body of function at 0025b004 (ClearFlowAndRepairCmd)  
ERROR ... function body repair failed due to overlap with another function: 0025b004 (ClearFlowAndRepairCmd)  
WARN  WARNING! Repairing body of function at 00289ee8 (ClearFlowAndRepairCmd)  
ERROR ... function body repair failed due to overlap with another function: 00289ee8 (ClearFlowAndRepairCmd)  
WARN  WARNING! Repairing body of function at 0028c7d0 (ClearFlowAndRepairCmd)  
ERROR ... function body repair failed due to overlap with another function: 0028c7d0 (ClearFlowAndRepairCmd)  
WARN  WARNING! Repairing body of function at 0028f76c (ClearFlowAndRepairCmd)  
ERROR ... function body repair failed due to overlap with another function: 0028f76c (ClearFlowAndRepairCmd)  
WARN  WARNING! Repairing body of function at 002993f4 (ClearFlowAndRepairCmd)  
ERROR ... function body repair failed due to overlap with another function: 002993f4 (ClearFlowAndRepairCmd)  
WARN  WARNING! Repairing body of function at 002bb1d8 (ClearFlowAndRepairCmd)  
ERROR ... function body repair failed due to overlap with another function: 002bb1d8 (ClearFlowAndRepairCmd)  
WARN  WARNING! Repairing body of function at 002c7068 (ClearFlowAndRepairCmd)  
ERROR ... function body repair failed due to overlap with another function: 002c7068 (ClearFlowAndRepairCmd)  
WARN  WARNING! Repairing body of function at 002ce188 (ClearFlowAndRepairCmd)  
ERROR ... function body repair failed due to overlap with another function: 002ce188 (ClearFlowAndRepairCmd)  
WARN  WARNING! Repairing body of function at 002dc7ac (ClearFlowAndRepairCmd)  
ERROR ... function body repair failed due to overlap with another function: 002dc7ac (ClearFlowAndRepairCmd)  
WARN  WARNING! Repairing body of function at 003103d4 (ClearFlowAndRepairCmd)  
ERROR ... function body repair failed due to overlap with another function: 003103d4 (ClearFlowAndRepairCmd)  
WARN  WARNING! Repairing body of function at 003b6584 (ClearFlowAndRepairCmd)  
ERROR ... function body repair failed due to overlap with another function: 003b6584 (ClearFlowAndRepairCmd)  
WARN  WARNING! Repairing body of function at 003b67c8 (ClearFlowAndRepairCmd)  
ERROR ... function body repair failed due to overlap with another function: 003b67c8 (ClearFlowAndRepairCmd)  
WARN  WARNING! Repairing body of function at 001417d0 (ClearFlowAndRepairCmd)  
ERROR ... function body repair failed due to overlap with another function: 001417d0 (ClearFlowAndRepairCmd)  
WARN  WARNING! Repairing body of function at 002fa8fc (ClearFlowAndRepairCmd)  
ERROR ... function body repair failed due to overlap with another function: 002fa8fc (ClearFlowAndRepairCmd)  
WARN  WARNING! Repairing body of function at 00182ef0 (ClearFlowAndRepairCmd)  
ERROR ... function body repair failed due to overlap with another function: 00182ef0 (ClearFlowAndRepairCmd)  
WARN  WARNING! Repairing body of function at 001a9f78 (ClearFlowAndRepairCmd)  
ERROR ... function body repair failed due to overlap with another function: 001a9f78 (ClearFlowAndRepairCmd)  
WARN  WARNING! Repairing body of function at 002a2918 (ClearFlowAndRepairCmd)  
ERROR ... function body repair failed due to overlap with another function: 002a2918 (ClearFlowAndRepairCmd)  
WARN  WARNING! Repairing body of function at 002e5ce8 (ClearFlowAndRepairCmd)  
ERROR ... function body repair failed due to overlap with another function: 002e5ce8 (ClearFlowAndRepairCmd)  
WARN  WARNING! Repairing body of function at 002f3de8 (ClearFlowAndRepairCmd)  
ERROR ... function body repair failed due to overlap with another function: 002f3de8 (ClearFlowAndRepairCmd)  
WARN  WARNING! Repairing body of function at 0031af60 (ClearFlowAndRepairCmd)  
ERROR ... function body repair failed due to overlap with another function: 0031af60 (ClearFlowAndRepairCmd)  
WARN  WARNING! Repairing body of function at 001422f4 (ClearFlowAndRepairCmd)  
ERROR ... function body repair failed due to overlap with another function: 001422f4 (ClearFlowAndRepairCmd)  
WARN  WARNING! Repairing body of function at 00144838 (ClearFlowAndRepairCmd)  
ERROR ... function body repair failed due to overlap with another function: 00144838 (ClearFlowAndRepairCmd)  
WARN  WARNING! Repairing body of function at 00144a74 (ClearFlowAndRepairCmd)  
ERROR ... function body repair failed due to overlap with another function: 00144a74 (ClearFlowAndRepairCmd)  
WARN  WARNING! Repairing body of function at 001453bc (ClearFlowAndRepairCmd)  
ERROR ... function body repair failed due to overlap with another function: 001453bc (ClearFlowAndRepairCmd)  
WARN  WARNING! Repairing body of function at 0014622c (ClearFlowAndRepairCmd)  
ERROR ... function body repair failed due to overlap with another function: 0014622c (ClearFlowAndRepairCmd)  
WARN  WARNING! Repairing body of function at 00148e74 (ClearFlowAndRepairCmd)  
ERROR ... function body repair failed due to overlap with another function: 00148e74 (ClearFlowAndRepairCmd)  
WARN  WARNING! Repairing body of function at 001491c8 (ClearFlowAndRepairCmd)  
ERROR ... function body repair failed due to overlap with another function: 001491c8 (ClearFlowAndRepairCmd)  
WARN  WARNING! Repairing body of function at 001494ac (ClearFlowAndRepairCmd)  
ERROR ... function body repair failed due to overlap with another function: 001494ac (ClearFlowAndRepairCmd)  
WARN  WARNING! Repairing body of function at 0014981c (ClearFlowAndRepairCmd)  
ERROR ... function body repair failed due to overlap with another function: 0014981c (ClearFlowAndRepairCmd)  
WARN  WARNING! Repairing body of function at 00149974 (ClearFlowAndRepairCmd)  
ERROR ... function body repair failed due to overlap with another function: 00149974 (ClearFlowAndRepairCmd)  
WARN  WARNING! Repairing body of function at 0015653c (ClearFlowAndRepairCmd)  
ERROR ... function body repair failed due to overlap with another function: 0015653c (ClearFlowAndRepairCmd)  
WARN  WARNING! Repairing body of function at 00156a0c (ClearFlowAndRepairCmd)  
ERROR ... function body repair failed due to overlap with another function: 00156a0c (ClearFlowAndRepairCmd)  
WARN  WARNING! Repairing body of function at 00156c08 (ClearFlowAndRepairCmd)  
ERROR ... function body repair failed due to overlap with another function: 00156c08 (ClearFlowAndRepairCmd)  
WARN  WARNING! Repairing body of function at 00157508 (ClearFlowAndRepairCmd)  
ERROR ... function body repair failed due to overlap with another function: 00157508 (ClearFlowAndRepairCmd)  
WARN  WARNING! Repairing body of function at 00157944 (ClearFlowAndRepairCmd)  
ERROR ... function body repair failed due to overlap with another function: 00157944 (ClearFlowAndRepairCmd)  
WARN  WARNING! Repairing body of function at 001587fc (ClearFlowAndRepairCmd)  
ERROR ... function body repair failed due to overlap with another function: 001587fc (ClearFlowAndRepairCmd)  
WARN  WARNING! Repairing body of function at 0015c3c0 (ClearFlowAndRepairCmd)  
ERROR ... function body repair failed due to overlap with another function: 0015c3c0 (ClearFlowAndRepairCmd)  
WARN  WARNING! Repairing body of function at 0015d9c0 (ClearFlowAndRepairCmd)  
ERROR ... function body repair failed due to overlap with another function: 0015d9c0 (ClearFlowAndRepairCmd)  
WARN  WARNING! Repairing body of function at 0015e5d0 (ClearFlowAndRepairCmd)  
ERROR ... function body repair failed due to overlap with another function: 0015e5d0 (ClearFlowAndRepairCmd)  
WARN  WARNING! Repairing body of function at 00172490 (ClearFlowAndRepairCmd)  
ERROR ... function body repair failed due to overlap with another function: 00172490 (ClearFlowAndRepairCmd)  
WARN  WARNING! Repairing body of function at 00176dd0 (ClearFlowAndRepairCmd)  
ERROR ... function body repair failed due to overlap with another function: 00176dd0 (ClearFlowAndRepairCmd)  
WARN  WARNING! Repairing body of function at 00176fa0 (ClearFlowAndRepairCmd)  
ERROR ... function body repair failed due to overlap with another function: 00176fa0 (ClearFlowAndRepairCmd)  
WARN  WARNING! Repairing body of function at 0017b3dc (ClearFlowAndRepairCmd)  
ERROR ... function body repair failed due to overlap with another function: 0017b3dc (ClearFlowAndRepairCmd)  
WARN  WARNING! Repairing body of function at 00181f18 (ClearFlowAndRepairCmd)  
ERROR ... function body repair failed due to overlap with another function: 00181f18 (ClearFlowAndRepairCmd)  
WARN  WARNING! Repairing body of function at 00182094 (ClearFlowAndRepairCmd)  
ERROR ... function body repair failed due to overlap with another function: 00182094 (ClearFlowAndRepairCmd)  
WARN  WARNING! Repairing body of function at 00185348 (ClearFlowAndRepairCmd)  
ERROR ... function body repair failed due to overlap with another function: 00185348 (ClearFlowAndRepairCmd)  
WARN  WARNING! Repairing body of function at 001854c4 (ClearFlowAndRepairCmd)  
ERROR ... function body repair failed due to overlap with another function: 001854c4 (ClearFlowAndRepairCmd)  
WARN  WARNING! Repairing body of function at 00185648 (ClearFlowAndRepairCmd)  
ERROR ... function body repair failed due to overlap with another function: 00185648 (ClearFlowAndRepairCmd)  
WARN  WARNING! Repairing body of function at 001857cc (ClearFlowAndRepairCmd)  
ERROR ... function body repair failed due to overlap with another function: 001857cc (ClearFlowAndRepairCmd)  
WARN  WARNING! Repairing body of function at 00186d04 (ClearFlowAndRepairCmd)  
ERROR ... function body repair failed due to overlap with another function: 00186d04 (ClearFlowAndRepairCmd)  
WARN  WARNING! Repairing body of function at 00199f94 (ClearFlowAndRepairCmd)  
ERROR ... function body repair failed due to overlap with another function: 00199f94 (ClearFlowAndRepairCmd)  
WARN  WARNING! Repairing body of function at 0019a9f8 (ClearFlowAndRepairCmd)  
ERROR ... function body repair failed due to overlap with another function: 0019a9f8 (ClearFlowAndRepairCmd)  
WARN  WARNING! Repairing body of function at 0019ab34 (ClearFlowAndRepairCmd)  
ERROR ... function body repair failed due to overlap with another function: 0019ab34 (ClearFlowAndRepairCmd)  
WARN  WARNING! Repairing body of function at 0019bfc4 (ClearFlowAndRepairCmd)  
ERROR ... function body repair failed due to overlap with another function: 0019bfc4 (ClearFlowAndRepairCmd)  
WARN  WARNING! Repairing body of function at 0019c104 (ClearFlowAndRepairCmd)  
ERROR ... function body repair failed due to overlap with another function: 0019c104 (ClearFlowAndRepairCmd)  
WARN  WARNING! Repairing body of function at 001b29ac (ClearFlowAndRepairCmd)  
ERROR ... function body repair failed due to overlap with another function: 001b29ac (ClearFlowAndRepairCmd)  
WARN  WARNING! Repairing body of function at 001c2e64 (ClearFlowAndRepairCmd)  
ERROR ... function body repair failed due to overlap with another function: 001c2e64 (ClearFlowAndRepairCmd)  
WARN  WARNING! Repairing body of function at 001c2fe0 (ClearFlowAndRepairCmd)  
ERROR ... function body repair failed due to overlap with another function: 001c2fe0 (ClearFlowAndRepairCmd)  
WARN  WARNING! Repairing body of function at 001cdb2c (ClearFlowAndRepairCmd)  
ERROR ... function body repair failed due to overlap with another function: 001cdb2c (ClearFlowAndRepairCmd)  
WARN  WARNING! Repairing body of function at 001d1fc8 (ClearFlowAndRepairCmd)  
ERROR ... function body repair failed due to overlap with another function: 001d1fc8 (ClearFlowAndRepairCmd)  
WARN  WARNING! Repairing body of function at 001d2144 (ClearFlowAndRepairCmd)  
ERROR ... function body repair failed due to overlap with another function: 001d2144 (ClearFlowAndRepairCmd)  
WARN  WARNING! Repairing body of function at 001da558 (ClearFlowAndRepairCmd)  
ERROR ... function body repair failed due to overlap with another function: 001da558 (ClearFlowAndRepairCmd)  
WARN  WARNING! Repairing body of function at 001de8e8 (ClearFlowAndRepairCmd)  
ERROR ... function body repair failed due to overlap with another function: 001de8e8 (ClearFlowAndRepairCmd)  
WARN  WARNING! Repairing body of function at 001e1728 (ClearFlowAndRepairCmd)  
ERROR ... function body repair failed due to overlap with another function: 001e1728 (ClearFlowAndRepairCmd)  
WARN  WARNING! Repairing body of function at 001e6748 (ClearFlowAndRepairCmd)  
ERROR ... function body repair failed due to overlap with another function: 001e6748 (ClearFlowAndRepairCmd)  
WARN  WARNING! Repairing body of function at 001e68c4 (ClearFlowAndRepairCmd)  
ERROR ... function body repair failed due to overlap with another function: 001e68c4 (ClearFlowAndRepairCmd)  
WARN  WARNING! Repairing body of function at 001e6a40 (ClearFlowAndRepairCmd)  
ERROR ... function body repair failed due to overlap with another function: 001e6a40 (ClearFlowAndRepairCmd)  
WARN  WARNING! Repairing body of function at 001e9cf8 (ClearFlowAndRepairCmd)  
ERROR ... function body repair failed due to overlap with another function: 001e9cf8 (ClearFlowAndRepairCmd)  
WARN  WARNING! Repairing body of function at 001ea630 (ClearFlowAndRepairCmd)  
ERROR ... function body repair failed due to overlap with another function: 001ea630 (ClearFlowAndRepairCmd)  
WARN  WARNING! Repairing body of function at 001f0d18 (ClearFlowAndRepairCmd)  
ERROR ... function body repair failed due to overlap with another function: 001f0d18 (ClearFlowAndRepairCmd)  
WARN  WARNING! Repairing body of function at 001f0f98 (ClearFlowAndRepairCmd)  
ERROR ... function body repair failed due to overlap with another function: 001f0f98 (ClearFlowAndRepairCmd)  
WARN  WARNING! Repairing body of function at 001f181c (ClearFlowAndRepairCmd)  
ERROR ... function body repair failed due to overlap with another function: 001f181c (ClearFlowAndRepairCmd)  
WARN  WARNING! Repairing body of function at 001f1ab4 (ClearFlowAndRepairCmd)  
ERROR ... function body repair failed due to overlap with another function: 001f1ab4 (ClearFlowAndRepairCmd)  
WARN  WARNING! Repairing body of function at 001f4c6c (ClearFlowAndRepairCmd)  
ERROR ... function body repair failed due to overlap with another function: 001f4c6c (ClearFlowAndRepairCmd)  
WARN  WARNING! Repairing body of function at 001f79d8 (ClearFlowAndRepairCmd)  
ERROR ... function body repair failed due to overlap with another function: 001f79d8 (ClearFlowAndRepairCmd)  
WARN  WARNING! Repairing body of function at 001feb78 (ClearFlowAndRepairCmd)  
ERROR ... function body repair failed due to overlap with another function: 001feb78 (ClearFlowAndRepairCmd)  
WARN  WARNING! Repairing body of function at 0020963c (ClearFlowAndRepairCmd)  
ERROR ... function body repair failed due to overlap with another function: 0020963c (ClearFlowAndRepairCmd)  
WARN  WARNING! Repairing body of function at 0020f4e8 (ClearFlowAndRepairCmd)  
ERROR ... function body repair failed due to overlap with another function: 0020f4e8 (ClearFlowAndRepairCmd)  
WARN  WARNING! Repairing body of function at 00213fb0 (ClearFlowAndRepairCmd)  
ERROR ... function body repair failed due to overlap with another function: 00213fb0 (ClearFlowAndRepairCmd)  
WARN  WARNING! Repairing body of function at 0021b8a8 (ClearFlowAndRepairCmd)  
ERROR ... function body repair failed due to overlap with another function: 0021b8a8 (ClearFlowAndRepairCmd)  
WARN  WARNING! Repairing body of function at 0021bb28 (ClearFlowAndRepairCmd)  
ERROR ... function body repair failed due to overlap with another function: 0021bb28 (ClearFlowAndRepairCmd)  
WARN  WARNING! Repairing body of function at 0021bda8 (ClearFlowAndRepairCmd)  
ERROR ... function body repair failed due to overlap with another function: 0021bda8 (ClearFlowAndRepairCmd)  
WARN  WARNING! Repairing body of function at 0021c028 (ClearFlowAndRepairCmd)  
ERROR ... function body repair failed due to overlap with another function: 0021c028 (ClearFlowAndRepairCmd)  
WARN  WARNING! Repairing body of function at 0021c2a8 (ClearFlowAndRepairCmd)  
ERROR ... function body repair failed due to overlap with another function: 0021c2a8 (ClearFlowAndRepairCmd)  
WARN  WARNING! Repairing body of function at 0021c528 (ClearFlowAndRepairCmd)  
ERROR ... function body repair failed due to overlap with another function: 0021c528 (ClearFlowAndRepairCmd)  
WARN  WARNING! Repairing body of function at 0021c7a8 (ClearFlowAndRepairCmd)  
ERROR ... function body repair failed due to overlap with another function: 0021c7a8 (ClearFlowAndRepairCmd)  
WARN  WARNING! Repairing body of function at 0021c968 (ClearFlowAndRepairCmd)  
ERROR ... function body repair failed due to overlap with another function: 0021c968 (ClearFlowAndRepairCmd)  
WARN  WARNING! Repairing body of function at 0021cd00 (ClearFlowAndRepairCmd)  
ERROR ... function body repair failed due to overlap with another function: 0021cd00 (ClearFlowAndRepairCmd)  
WARN  WARNING! Repairing body of function at 0021cf48 (ClearFlowAndRepairCmd)  
ERROR ... function body repair failed due to overlap with another function: 0021cf48 (ClearFlowAndRepairCmd)  
WARN  WARNING! Repairing body of function at 0021d184 (ClearFlowAndRepairCmd)  
ERROR ... function body repair failed due to overlap with another function: 0021d184 (ClearFlowAndRepairCmd)  
WARN  WARNING! Repairing body of function at 0021d528 (ClearFlowAndRepairCmd)  
ERROR ... function body repair failed due to overlap with another function: 0021d528 (ClearFlowAndRepairCmd)  
WARN  WARNING! Repairing body of function at 0021d6fc (ClearFlowAndRepairCmd)  
ERROR ... function body repair failed due to overlap with another function: 0021d6fc (ClearFlowAndRepairCmd)  
WARN  WARNING! Repairing body of function at 00234de0 (ClearFlowAndRepairCmd)  
ERROR ... function body repair failed due to overlap with another function: 00234de0 (ClearFlowAndRepairCmd)  
WARN  WARNING! Repairing body of function at 0023d560 (ClearFlowAndRepairCmd)  
ERROR ... function body repair failed due to overlap with another function: 0023d560 (ClearFlowAndRepairCmd)  
WARN  WARNING! Repairing body of function at 0023d6dc (ClearFlowAndRepairCmd)  
ERROR ... function body repair failed due to overlap with another function: 0023d6dc (ClearFlowAndRepairCmd)  
WARN  WARNING! Repairing body of function at 0023d858 (ClearFlowAndRepairCmd)  
ERROR ... function body repair failed due to overlap with another function: 0023d858 (ClearFlowAndRepairCmd)  
WARN  WARNING! Repairing body of function at 0023dab4 (ClearFlowAndRepairCmd)  
ERROR ... function body repair failed due to overlap with another function: 0023dab4 (ClearFlowAndRepairCmd)  
WARN  WARNING! Repairing body of function at 0024521c (ClearFlowAndRepairCmd)  
ERROR ... function body repair failed due to overlap with another function: 0024521c (ClearFlowAndRepairCmd)  
WARN  WARNING! Repairing body of function at 00249008 (ClearFlowAndRepairCmd)  
ERROR ... function body repair failed due to overlap with another function: 00249008 (ClearFlowAndRepairCmd)  
WARN  WARNING! Repairing body of function at 0024aa10 (ClearFlowAndRepairCmd)  
ERROR ... function body repair failed due to overlap with another function: 0024aa10 (ClearFlowAndRepairCmd)  
WARN  WARNING! Repairing body of function at 00258440 (ClearFlowAndRepairCmd)  
ERROR ... function body repair failed due to overlap with another function: 00258440 (ClearFlowAndRepairCmd)  
WARN  WARNING! Repairing body of function at 002586c0 (ClearFlowAndRepairCmd)  
ERROR ... function body repair failed due to overlap with another function: 002586c0 (ClearFlowAndRepairCmd)  
WARN  WARNING! Repairing body of function at 00262b84 (ClearFlowAndRepairCmd)  
ERROR ... function body repair failed due to overlap with another function: 00262b84 (ClearFlowAndRepairCmd)  
WARN  WARNING! Repairing body of function at 00263ac8 (ClearFlowAndRepairCmd)  
ERROR ... function body repair failed due to overlap with another function: 00263ac8 (ClearFlowAndRepairCmd)  
WARN  WARNING! Repairing body of function at 00264a18 (ClearFlowAndRepairCmd)  
ERROR ... function body repair failed due to overlap with another function: 00264a18 (ClearFlowAndRepairCmd)  
WARN  WARNING! Repairing body of function at 0026b350 (ClearFlowAndRepairCmd)  
ERROR ... function body repair failed due to overlap with another function: 0026b350 (ClearFlowAndRepairCmd)  
WARN  WARNING! Repairing body of function at 0026b750 (ClearFlowAndRepairCmd)  
ERROR ... function body repair failed due to overlap with another function: 0026b750 (ClearFlowAndRepairCmd)  
WARN  WARNING! Repairing body of function at 0026f370 (ClearFlowAndRepairCmd)  
ERROR ... function body repair failed due to overlap with another function: 0026f370 (ClearFlowAndRepairCmd)  
WARN  WARNING! Repairing body of function at 00279078 (ClearFlowAndRepairCmd)  
ERROR ... function body repair failed due to overlap with another function: 00279078 (ClearFlowAndRepairCmd)  
WARN  WARNING! Repairing body of function at 002792fc (ClearFlowAndRepairCmd)  
ERROR ... function body repair failed due to overlap with another function: 002792fc (ClearFlowAndRepairCmd)  
WARN  WARNING! Repairing body of function at 00279624 (ClearFlowAndRepairCmd)  
ERROR ... function body repair failed due to overlap with another function: 00279624 (ClearFlowAndRepairCmd)  
WARN  WARNING! Repairing body of function at 0027ad8c (ClearFlowAndRepairCmd)  
ERROR ... function body repair failed due to overlap with another function: 0027ad8c (ClearFlowAndRepairCmd)  
WARN  WARNING! Repairing body of function at 0027e3e0 (ClearFlowAndRepairCmd)  
ERROR ... function body repair failed due to overlap with another function: 0027e3e0 (ClearFlowAndRepairCmd)  
WARN  WARNING! Repairing body of function at 0028ed68 (ClearFlowAndRepairCmd)  
ERROR ... function body repair failed due to overlap with another function: 0028ed68 (ClearFlowAndRepairCmd)  
WARN  WARNING! Repairing body of function at 00296c54 (ClearFlowAndRepairCmd)  
ERROR ... function body repair failed due to overlap with another function: 00296c54 (ClearFlowAndRepairCmd)  
WARN  WARNING! Repairing body of function at 00296fec (ClearFlowAndRepairCmd)  
ERROR ... function body repair failed due to overlap with another function: 00296fec (ClearFlowAndRepairCmd)  
WARN  WARNING! Repairing body of function at 002999a0 (ClearFlowAndRepairCmd)  
ERROR ... function body repair failed due to overlap with another function: 002999a0 (ClearFlowAndRepairCmd)  
WARN  WARNING! Repairing body of function at 0029a3a8 (ClearFlowAndRepairCmd)  
ERROR ... function body repair failed due to overlap with another function: 0029a3a8 (ClearFlowAndRepairCmd)  
WARN  WARNING! Repairing body of function at 0029d420 (ClearFlowAndRepairCmd)  
ERROR ... function body repair failed due to overlap with another function: 0029d420 (ClearFlowAndRepairCmd)  
WARN  WARNING! Repairing body of function at 0029dea8 (ClearFlowAndRepairCmd)  
ERROR ... function body repair failed due to overlap with another function: 0029dea8 (ClearFlowAndRepairCmd)  
WARN  WARNING! Repairing body of function at 002acfcc (ClearFlowAndRepairCmd)  
ERROR ... function body repair failed due to overlap with another function: 002acfcc (ClearFlowAndRepairCmd)  
WARN  WARNING! Repairing body of function at 002bb5cc (ClearFlowAndRepairCmd)  
ERROR ... function body repair failed due to overlap with another function: 002bb5cc (ClearFlowAndRepairCmd)  
WARN  WARNING! Repairing body of function at 002c4d80 (ClearFlowAndRepairCmd)  
ERROR ... function body repair failed due to overlap with another function: 002c4d80 (ClearFlowAndRepairCmd)  
WARN  WARNING! Repairing body of function at 002e8ae0 (ClearFlowAndRepairCmd)  
ERROR ... function body repair failed due to overlap with another function: 002e8ae0 (ClearFlowAndRepairCmd)  
WARN  WARNING! Repairing body of function at 002e8d2c (ClearFlowAndRepairCmd)  
ERROR ... function body repair failed due to overlap with another function: 002e8d2c (ClearFlowAndRepairCmd)  
WARN  WARNING! Repairing body of function at 002ef438 (ClearFlowAndRepairCmd)  
ERROR ... function body repair failed due to overlap with another function: 002ef438 (ClearFlowAndRepairCmd)  
WARN  WARNING! Repairing body of function at 002efe34 (ClearFlowAndRepairCmd)  
ERROR ... function body repair failed due to overlap with another function: 002efe34 (ClearFlowAndRepairCmd)  
WARN  WARNING! Repairing body of function at 002f8958 (ClearFlowAndRepairCmd)  
ERROR ... function body repair failed due to overlap with another function: 002f8958 (ClearFlowAndRepairCmd)  
WARN  WARNING! Repairing body of function at 002f8bd8 (ClearFlowAndRepairCmd)  
ERROR ... function body repair failed due to overlap with another function: 002f8bd8 (ClearFlowAndRepairCmd)  
WARN  WARNING! Repairing body of function at 002f8e58 (ClearFlowAndRepairCmd)  
ERROR ... function body repair failed due to overlap with another function: 002f8e58 (ClearFlowAndRepairCmd)  
WARN  WARNING! Repairing body of function at 003020ec (ClearFlowAndRepairCmd)  
ERROR ... function body repair failed due to overlap with another function: 003020ec (ClearFlowAndRepairCmd)  
WARN  WARNING! Repairing body of function at 00304a64 (ClearFlowAndRepairCmd)  
ERROR ... function body repair failed due to overlap with another function: 00304a64 (ClearFlowAndRepairCmd)  
WARN  WARNING! Repairing body of function at 00304be0 (ClearFlowAndRepairCmd)  
ERROR ... function body repair failed due to overlap with another function: 00304be0 (ClearFlowAndRepairCmd)  
WARN  WARNING! Repairing body of function at 001ad4b8 (ClearFlowAndRepairCmd)  
ERROR ... function body repair failed due to overlap with another function: 001ad4b8 (ClearFlowAndRepairCmd)  
WARN  WARNING! Repairing body of function at 003b6020 (ClearFlowAndRepairCmd)  
ERROR ... function body repair failed due to overlap with another function: 003b6020 (ClearFlowAndRepairCmd)  
WARN  WARNING! Repairing body of function at 003b60cc (ClearFlowAndRepairCmd)  
ERROR ... function body repair failed due to overlap with another function: 003b60cc (ClearFlowAndRepairCmd)  
WARN  WARNING! Repairing body of function at 003b6294 (ClearFlowAndRepairCmd)  
ERROR ... function body repair failed due to overlap with another function: 003b6294 (ClearFlowAndRepairCmd)  
INFO  Packed database cache: /var/tmp/sony-ghidra/packed-db-cache (PackedDatabaseCache)  
INFO  Applied data type archive: generic_clib (ApplyDataArchiveAnalyzer)  
WARN  Unable to fully apply external demangled Address Table at 008c8358: std::length_error::vtable (DemangledAddressTable)  
WARN  Decompiling 00384bb8, pcode error at 003b707c: Unable to resolve constructor at 003b707c (DecompileCallback)  
WARN  Decompiling 00384bb8, pcode error at 003b707c: Unable to resolve constructor at 003b707c (DecompileCallback)  
WARN  Decompiling 00384bb8, pcode error at 003b707c: Unable to resolve constructor at 003b707c (DecompileCallback)  
WARN  Decompiling 00384bb8, pcode error at 003b707c: Unable to resolve constructor at 003b707c (DecompileCallback)  
INFO  -----------------------------------------------------
    ARM Constant Reference Analyzer           46.491 secs
    ARM Symbol                                 0.007 secs
    ASCII Strings                              0.897 secs
    Apply Data Archives                        0.474 secs
    Call Convention ID                         1.581 secs
    Call-Fixup Installer                      17.711 secs
    Create Address Tables                      0.820 secs
    Create Address Tables - One Time           2.785 secs
    Create Function                            1.563 secs
    DWARF                                      0.011 secs
    Data Reference                             3.727 secs
    Decompiler Switch Analysis               248.388 secs
    Demangler GNU                              0.560 secs
    Disassemble                                5.943 secs
    Disassemble Entry Points                  25.018 secs
    Embedded Media                             0.154 secs
    External Entry References                  0.006 secs
    Function ID                                0.035 secs
    Function Start Pre Search                  0.044 secs
    Function Start Search                      0.360 secs
    Function Start Search After Code           1.047 secs
    Function Start Search After Data           0.645 secs
    Function Start Search delayed - One Time   0.979 secs
    GCC Exception Handlers                     0.020 secs
    Non-Returning Functions - Discovered       4.354 secs
    Non-Returning Functions - Known            0.007 secs
    Reference                                  5.031 secs
    Shared Return Calls                        0.579 secs
    Stack                                     34.734 secs
    Subroutine References                     14.687 secs
    Subroutine References - One Time           0.007 secs
-----------------------------------------------------
     Total Time   418 secs
-----------------------------------------------------
 (AutoAnalysisManager)  
INFO  REPORT: Analysis succeeded for file: file:///home/sony/sony/artifacts/rootfs_mnt/vendor/sony/bin/HgrmMediaPlayerApp (HeadlessAnalyzer)  
INFO  /HgrmMediaPlayerApp: file created (sony) (LocalFileSystem)  
INFO  REPORT: Save succeeded for: /HgrmMediaPlayerApp (AppMgr:/HgrmMediaPlayerApp) (HeadlessAnalyzer)  
INFO  REPORT: Import succeeded (HeadlessAnalyzer)  
